// Jest Snapshot v1, https://goo.gl/fbAQLP

exports[`Header contains navigation menu 1`] = `
<div
  className="page__header"
>
  <div
    className="ui small stackable menu"
  >
    <a
      className="active item"
      onClick={[Function]}
    >
      Home
    </a>
    <a
      className="item"
      onClick={[Function]}
    >
      Courses
    </a>
    <a
      className="item"
      onClick={[Function]}
    >
      Resources
    </a>
    <a
      className="item"
      onClick={[Function]}
    >
      Docs
    </a>
    <div
      className="right menu"
    >
      <div
        aria-busy={undefined}
        aria-disabled={undefined}
        aria-expanded={false}
        aria-multiselectable={undefined}
        className="ui item dropdown"
        onBlur={[Function]}
        onChange={[Function]}
        onClick={[Function]}
        onFocus={[Function]}
        onMouseDown={[Function]}
        role="listbox"
        tabIndex={0}
      >
        <div
          aria-live="polite"
          className="text"
          role="alert"
        >
          Language
        </div>
        <i
          aria-hidden="true"
          className="dropdown icon"
        />
        <div
          className="menu transition"
        >
          <div
            aria-checked={undefined}
            aria-disabled={undefined}
            aria-selected={undefined}
            className="item"
            onClick={[Function]}
            role="option"
          >
            English
          </div>
          <div
            aria-checked={undefined}
            aria-disabled={undefined}
            aria-selected={undefined}
            className="item"
            onClick={[Function]}
            role="option"
          >
            Russian
          </div>
          <div
            aria-checked={undefined}
            aria-disabled={undefined}
            aria-selected={undefined}
            className="item"
            onClick={[Function]}
            role="option"
          >
            Spanish
          </div>
        </div>
      </div>
      <div
        className="item"
        onClick={[Function]}
      >
        <button
          className="ui primary button"
          disabled={undefined}
          onClick={[Function]}
          tabIndex={undefined}
        >
          Sign Up
        </button>
      </div>
    </div>
  </div>
</div>
`;
